Running map1-EXP1_STATIC-1 with seed 3001...
Running map1-EXP1_STATIC-2 with seed 3002...
Running map1-EXP1_STATIC-3 with seed 3003...
Running map1-EXP1_DYNAMIC-1 with seed 3001...
Running map1-EXP1_DYNAMIC-2 with seed 3002...
Running map1-EXP1_DYNAMIC-3 with seed 3003...
Running map1-EXP2_STATIC-1 with seed 3001...
Running map1-EXP2_STATIC-2 with seed 3002...
Running map1-EXP2_STATIC-3 with seed 3003...
Running map1-EXP2_DYNAMIC-1 with seed 3001...
Running map1-EXP2_DYNAMIC-2 with seed 3002...
Running map1-EXP2_DYNAMIC-3 with seed 3003...
Running map2-EXP1_STATIC-1 with seed 3001...
Running map2-EXP1_STATIC-2 with seed 3002...
Running map2-EXP1_STATIC-3 with seed 3003...
Running map2-EXP1_DYNAMIC-1 with seed 3001...
Running map2-EXP1_DYNAMIC-2 with seed 3002...
Running map2-EXP1_DYNAMIC-3 with seed 3003...
Running map2-EXP2_STATIC-1 with seed 3001...
Running map2-EXP2_STATIC-2 with seed 3002...
Running map2-EXP2_STATIC-3 with seed 3003...
Running map2-EXP2_DYNAMIC-1 with seed 3001...
Running map2-EXP2_DYNAMIC-2 with seed 3002...
Running map2-EXP2_DYNAMIC-3 with seed 3003...

Results directory:
C:\Users\pavfe\OneDrive\Documentos\GitHub\IRI-AD\trabalho\scripts\results\navigation_experiments_20260618_174440
Open final_runs.csv and metrics_summary.csv to compare navigation experiments.
